// Vitest Snapshot v1, https://vitest.dev/guide/snapshot.html

exports[`App > should match snapshot 1`] = `
<body>
  <div>
    <h1>
      /home
    </h1>
  </div>
</body>
`;
